// Jest Snapshot v1, https://goo.gl/fbAQLP

exports[`Hero component matches standard output 1`] = `
ShallowWrapper {
  "complexSelector": ComplexSelector {
    "buildPredicate": [Function],
    "childrenOfNode": [Function],
    "findWhereUnwrapped": [Function],
  },
  "length": 1,
  "node": <styled.div>
    <styled.article>
        <SVG />
        <SVG />
        <styled.h2>
            Travel. Work.
        </styled.h2>
        <styled.h1>
            <em>
                See the world
            </em>
        </styled.h1>
        <styled.div>
            <styled.button>
                <styled.i
                    aria-hidden="true"
                    className="fa fa-search fa-2x"
                />
                EXPLORE ALL JOBS
            </styled.button>
            <styled.button>
                <styled.i
                    aria-hidden="true"
                    className="fa fa-users fa-2x"
                />
                HIRING? START HERE
            </styled.button>
        </styled.div>
        <styled.p>
            Use Jobbatical to find a tech, business, 
            <br />
            or creative job abroad.
        </styled.p>
    </styled.article>
    <styled.div>
        <styled.p>
            Currently heaps of teams in loads of 
            <br />
            countries could use your help! 
        </styled.p>
    </styled.div>
</styled.div>,
  "nodes": Array [
    <styled.div>
      <styled.article>
            <SVG />
            <SVG />
            <styled.h2>
                  Travel. Work.
            </styled.h2>
            <styled.h1>
                  <em>
                        See the world
                  </em>
            </styled.h1>
            <styled.div>
                  <styled.button>
                        <styled.i
                              aria-hidden="true"
                              className="fa fa-search fa-2x"
                        />
                        EXPLORE ALL JOBS
                  </styled.button>
                  <styled.button>
                        <styled.i
                              aria-hidden="true"
                              className="fa fa-users fa-2x"
                        />
                        HIRING? START HERE
                  </styled.button>
            </styled.div>
            <styled.p>
                  Use Jobbatical to find a tech, business, 
                  <br />
                  or creative job abroad.
            </styled.p>
      </styled.article>
      <styled.div>
            <styled.p>
                  Currently heaps of teams in loads of 
                  <br />
                  countries could use your help! 
            </styled.p>
      </styled.div>
</styled.div>,
  ],
  "options": Object {},
  "renderer": ReactShallowRenderer {
    "_instance": ShallowComponentWrapper {
      "_calledComponentWillUnmount": false,
      "_compositeType": 2,
      "_context": Object {},
      "_currentElement": <Hero />,
      "_debugID": 49,
      "_hostContainerInfo": null,
      "_hostParent": null,
      "_instance": StatelessComponent {
        "_reactInternalInstance": [Circular],
        "context": Object {},
        "props": Object {},
        "refs": Object {},
        "state": null,
        "updater": Object {
          "enqueueCallback": [Function],
          "enqueueCallbackInternal": [Function],
          "enqueueElementInternal": [Function],
          "enqueueForceUpdate": [Function],
          "enqueueReplaceState": [Function],
          "enqueueSetState": [Function],
          "isMounted": [Function],
          "validateCallback": [Function],
        },
      },
      "_mountOrder": 1,
      "_pendingCallbacks": null,
      "_pendingElement": null,
      "_pendingForceUpdate": false,
      "_pendingReplaceState": false,
      "_pendingStateQueue": null,
      "_renderedComponent": NoopInternalComponent {
        "_currentElement": <styled.div>
          <styled.article>
                    <SVG />
                    <SVG />
                    <styled.h2>
                              Travel. Work.
                    </styled.h2>
                    <styled.h1>
                              <em>
                                        See the world
                              </em>
                    </styled.h1>
                    <styled.div>
                              <styled.button>
                                        <styled.i
                                                  aria-hidden="true"
                                                  className="fa fa-search fa-2x"
                                        />
                                        EXPLORE ALL JOBS
                              </styled.button>
                              <styled.button>
                                        <styled.i
                                                  aria-hidden="true"
                                                  className="fa fa-users fa-2x"
                                        />
                                        HIRING? START HERE
                              </styled.button>
                    </styled.div>
                    <styled.p>
                              Use Jobbatical to find a tech, business, 
                              <br />
                              or creative job abroad.
                    </styled.p>
          </styled.article>
          <styled.div>
                    <styled.p>
                              Currently heaps of teams in loads of 
                              <br />
                              countries could use your help! 
                    </styled.p>
          </styled.div>
</styled.div>,
        "_debugID": 50,
        "_renderedOutput": <styled.div>
          <styled.article>
                    <SVG />
                    <SVG />
                    <styled.h2>
                              Travel. Work.
                    </styled.h2>
                    <styled.h1>
                              <em>
                                        See the world
                              </em>
                    </styled.h1>
                    <styled.div>
                              <styled.button>
                                        <styled.i
                                                  aria-hidden="true"
                                                  className="fa fa-search fa-2x"
                                        />
                                        EXPLORE ALL JOBS
                              </styled.button>
                              <styled.button>
                                        <styled.i
                                                  aria-hidden="true"
                                                  className="fa fa-users fa-2x"
                                        />
                                        HIRING? START HERE
                              </styled.button>
                    </styled.div>
                    <styled.p>
                              Use Jobbatical to find a tech, business, 
                              <br />
                              or creative job abroad.
                    </styled.p>
          </styled.article>
          <styled.div>
                    <styled.p>
                              Currently heaps of teams in loads of 
                              <br />
                              countries could use your help! 
                    </styled.p>
          </styled.div>
</styled.div>,
      },
      "_renderedNodeType": 1,
      "_rootNodeID": 0,
      "_topLevelWrapper": null,
      "_updateBatchNumber": null,
      "_warnedAboutRefsInRender": false,
    },
    "getRenderOutput": [Function],
    "render": [Function],
  },
  "root": [Circular],
  "unrendered": <Hero />,
}
`;
